// Jest Snapshot v1, https://goo.gl/fbAQLP

exports[`Whole Application snapshot 1`] = `
ShallowWrapper {
  Symbol(enzyme.__root__): [Circular],
  Symbol(enzyme.__unrendered__): <Unknown />,
  Symbol(enzyme.__renderer__): Object {
    "batchedUpdates": [Function],
    "checkPropTypes": [Function],
    "getNode": [Function],
    "render": [Function],
    "simulateError": [Function],
    "simulateEvent": [Function],
    "unmount": [Function],
  },
  Symbol(enzyme.__node__): Object {
    "instance": null,
    "key": undefined,
    "nodeType": "host",
    "props": Object {
      "children": Array [
        <Navbar
          color="dark"
          expand="md"
          tag="nav"
>
          <NavbarBrand
                    className="mr-auto text-white"
                    href="/"
                    tag="a"
          >
                    FIXER TEST
          </NavbarBrand>
          <Nav
                    className="ml-auto"
                    navbar={true}
                    tag="ul"
                    vertical={false}
          >
                    <NavItem
                              tag="li"
                    >
                              <NavLink
                                        href="/create"
                                        tag="a"
                              >
                                        <Button
                                                  color="primary"
                                                  tag="button"
                                        >
                                                  Create
                                        </Button>
                              </NavLink>
                    </NavItem>
          </Nav>
</Navbar>,
        <Switch>
          <Route
                    component={[Function]}
                    exact={true}
                    path="/"
          />
          <Route
                    component={[Function]}
                    exact={true}
                    path="/create"
          />
          <Route
                    component={[Function]}
                    exact={true}
                    path="/:id"
          />
</Switch>,
      ],
      "className": "App",
    },
    "ref": null,
    "rendered": Array [
      Object {
        "instance": null,
        "key": undefined,
        "nodeType": "function",
        "props": Object {
          "children": Array [
            <NavbarBrand
              className="mr-auto text-white"
              href="/"
              tag="a"
>
              FIXER TEST
</NavbarBrand>,
            <Nav
              className="ml-auto"
              navbar={true}
              tag="ul"
              vertical={false}
>
              <NavItem
                            tag="li"
              >
                            <NavLink
                                          href="/create"
                                          tag="a"
                            >
                                          <Button
                                                        color="primary"
                                                        tag="button"
                                          >
                                                        Create
                                          </Button>
                            </NavLink>
              </NavItem>
</Nav>,
          ],
          "color": "dark",
          "expand": "md",
          "tag": "nav",
        },
        "ref": null,
        "rendered": Array [
          Object {
            "instance": null,
            "key": undefined,
            "nodeType": "function",
            "props": Object {
              "children": "FIXER TEST",
              "className": "mr-auto text-white",
              "href": "/",
              "tag": "a",
            },
            "ref": null,
            "rendered": "FIXER TEST",
            "type": [Function],
          },
          Object {
            "instance": null,
            "key": undefined,
            "nodeType": "function",
            "props": Object {
              "children": <NavItem
                tag="li"
>
                <NavLink
                                href="/create"
                                tag="a"
                >
                                <Button
                                                color="primary"
                                                tag="button"
                                >
                                                Create
                                </Button>
                </NavLink>
</NavItem>,
              "className": "ml-auto",
              "navbar": true,
              "tag": "ul",
              "vertical": false,
            },
            "ref": null,
            "rendered": Object {
              "instance": null,
              "key": undefined,
              "nodeType": "function",
              "props": Object {
                "children": <NavLink
                  href="/create"
                  tag="a"
>
                  <Button
                                    color="primary"
                                    tag="button"
                  >
                                    Create
                  </Button>
</NavLink>,
                "tag": "li",
              },
              "ref": null,
              "rendered": Object {
                "instance": null,
                "key": undefined,
                "nodeType": "class",
                "props": Object {
                  "children": <Button
                    color="primary"
                    tag="button"
>
                    Create
</Button>,
                  "href": "/create",
                  "tag": "a",
                },
                "ref": null,
                "rendered": Object {
                  "instance": null,
                  "key": undefined,
                  "nodeType": "class",
                  "props": Object {
                    "children": "Create",
                    "color": "primary",
                    "tag": "button",
                  },
                  "ref": null,
                  "rendered": "Create",
                  "type": [Function],
                },
                "type": [Function],
              },
              "type": [Function],
            },
            "type": [Function],
          },
        ],
        "type": [Function],
      },
      Object {
        "instance": null,
        "key": undefined,
        "nodeType": "class",
        "props": Object {
          "children": Array [
            <Route
              component={[Function]}
              exact={true}
              path="/"
/>,
            <Route
              component={[Function]}
              exact={true}
              path="/create"
/>,
            <Route
              component={[Function]}
              exact={true}
              path="/:id"
/>,
          ],
        },
        "ref": null,
        "rendered": Array [
          Object {
            "instance": null,
            "key": undefined,
            "nodeType": "class",
            "props": Object {
              "component": [Function],
              "exact": true,
              "path": "/",
            },
            "ref": null,
            "rendered": null,
            "type": [Function],
          },
          Object {
            "instance": null,
            "key": undefined,
            "nodeType": "class",
            "props": Object {
              "component": [Function],
              "exact": true,
              "path": "/create",
            },
            "ref": null,
            "rendered": null,
            "type": [Function],
          },
          Object {
            "instance": null,
            "key": undefined,
            "nodeType": "class",
            "props": Object {
              "component": [Function],
              "exact": true,
              "path": "/:id",
            },
            "ref": null,
            "rendered": null,
            "type": [Function],
          },
        ],
        "type": [Function],
      },
    ],
    "type": "div",
  },
  Symbol(enzyme.__nodes__): Array [
    Object {
      "instance": null,
      "key": undefined,
      "nodeType": "host",
      "props": Object {
        "children": Array [
          <Navbar
            color="dark"
            expand="md"
            tag="nav"
>
            <NavbarBrand
                        className="mr-auto text-white"
                        href="/"
                        tag="a"
            >
                        FIXER TEST
            </NavbarBrand>
            <Nav
                        className="ml-auto"
                        navbar={true}
                        tag="ul"
                        vertical={false}
            >
                        <NavItem
                                    tag="li"
                        >
                                    <NavLink
                                                href="/create"
                                                tag="a"
                                    >
                                                <Button
                                                            color="primary"
                                                            tag="button"
                                                >
                                                            Create
                                                </Button>
                                    </NavLink>
                        </NavItem>
            </Nav>
</Navbar>,
          <Switch>
            <Route
                        component={[Function]}
                        exact={true}
                        path="/"
            />
            <Route
                        component={[Function]}
                        exact={true}
                        path="/create"
            />
            <Route
                        component={[Function]}
                        exact={true}
                        path="/:id"
            />
</Switch>,
        ],
        "className": "App",
      },
      "ref": null,
      "rendered": Array [
        Object {
          "instance": null,
          "key": undefined,
          "nodeType": "function",
          "props": Object {
            "children": Array [
              <NavbarBrand
                className="mr-auto text-white"
                href="/"
                tag="a"
>
                FIXER TEST
</NavbarBrand>,
              <Nav
                className="ml-auto"
                navbar={true}
                tag="ul"
                vertical={false}
>
                <NavItem
                                tag="li"
                >
                                <NavLink
                                                href="/create"
                                                tag="a"
                                >
                                                <Button
                                                                color="primary"
                                                                tag="button"
                                                >
                                                                Create
                                                </Button>
                                </NavLink>
                </NavItem>
</Nav>,
            ],
            "color": "dark",
            "expand": "md",
            "tag": "nav",
          },
          "ref": null,
          "rendered": Array [
            Object {
              "instance": null,
              "key": undefined,
              "nodeType": "function",
              "props": Object {
                "children": "FIXER TEST",
                "className": "mr-auto text-white",
                "href": "/",
                "tag": "a",
              },
              "ref": null,
              "rendered": "FIXER TEST",
              "type": [Function],
            },
            Object {
              "instance": null,
              "key": undefined,
              "nodeType": "function",
              "props": Object {
                "children": <NavItem
                  tag="li"
>
                  <NavLink
                                    href="/create"
                                    tag="a"
                  >
                                    <Button
                                                      color="primary"
                                                      tag="button"
                                    >
                                                      Create
                                    </Button>
                  </NavLink>
</NavItem>,
                "className": "ml-auto",
                "navbar": true,
                "tag": "ul",
                "vertical": false,
              },
              "ref": null,
              "rendered": Object {
                "instance": null,
                "key": undefined,
                "nodeType": "function",
                "props": Object {
                  "children": <NavLink
                    href="/create"
                    tag="a"
>
                    <Button
                                        color="primary"
                                        tag="button"
                    >
                                        Create
                    </Button>
</NavLink>,
                  "tag": "li",
                },
                "ref": null,
                "rendered": Object {
                  "instance": null,
                  "key": undefined,
                  "nodeType": "class",
                  "props": Object {
                    "children": <Button
                      color="primary"
                      tag="button"
>
                      Create
</Button>,
                    "href": "/create",
                    "tag": "a",
                  },
                  "ref": null,
                  "rendered": Object {
                    "instance": null,
                    "key": undefined,
                    "nodeType": "class",
                    "props": Object {
                      "children": "Create",
                      "color": "primary",
                      "tag": "button",
                    },
                    "ref": null,
                    "rendered": "Create",
                    "type": [Function],
                  },
                  "type": [Function],
                },
                "type": [Function],
              },
              "type": [Function],
            },
          ],
          "type": [Function],
        },
        Object {
          "instance": null,
          "key": undefined,
          "nodeType": "class",
          "props": Object {
            "children": Array [
              <Route
                component={[Function]}
                exact={true}
                path="/"
/>,
              <Route
                component={[Function]}
                exact={true}
                path="/create"
/>,
              <Route
                component={[Function]}
                exact={true}
                path="/:id"
/>,
            ],
          },
          "ref": null,
          "rendered": Array [
            Object {
              "instance": null,
              "key": undefined,
              "nodeType": "class",
              "props": Object {
                "component": [Function],
                "exact": true,
                "path": "/",
              },
              "ref": null,
              "rendered": null,
              "type": [Function],
            },
            Object {
              "instance": null,
              "key": undefined,
              "nodeType": "class",
              "props": Object {
                "component": [Function],
                "exact": true,
                "path": "/create",
              },
              "ref": null,
              "rendered": null,
              "type": [Function],
            },
            Object {
              "instance": null,
              "key": undefined,
              "nodeType": "class",
              "props": Object {
                "component": [Function],
                "exact": true,
                "path": "/:id",
              },
              "ref": null,
              "rendered": null,
              "type": [Function],
            },
          ],
          "type": [Function],
        },
      ],
      "type": "div",
    },
  ],
  Symbol(enzyme.__options__): Object {
    "adapter": ReactSixteenAdapter {
      "options": Object {
        "enableComponentDidUpdateOnSetState": true,
        "legacyContextMode": "parent",
        "lifecycles": Object {
          "componentDidUpdate": Object {
            "onSetState": true,
          },
          "getChildContext": Object {
            "calledByRenderer": false,
          },
          "getDerivedStateFromError": true,
          "getDerivedStateFromProps": Object {
            "hasShouldComponentUpdateBug": false,
          },
          "getSnapshotBeforeUpdate": true,
          "setState": Object {
            "skipsComponentDidUpdateOnNullish": true,
          },
        },
      },
    },
  },
}
`;
